{
  "implementation should not allow external requests in CI 1": [
    {
      "scope": "http://worldclockapi.com:80",
      "method": "GET",
      "path": "/api/json/utc/now",
      "body": "",
      "status": 200,
      "response": [
        "1f8b0800000000000400edbd07601c499625262f6dca7b7f4af54ad7e074a10880601324d8904010ecc188cd",
        "e692ec1d69472329ab2a81ca6556655d661640cced9dbcf7de7befbdf7de7befbdf7ba3b9d4e27f7dfff3f5c6664016cf6ce4adac99e2180aac81f3f7e7c1f3f227ef147bf5b31fbe8d147bb1f8d3e9aaeeb3a5fb64fb3367f532c72fa746f676f777be7def6bddd37bb078f76f77e8a5aaddbe997e7e74dded2f73b3b8ff87ff471d13ccdae9f1717f3f67576592c2f1a01719e954d3efa68965d7f79fe669e7f37cfdfd27bdfcd67cbbca10fe9c596dafd54b5cc5f6468ffd1576f4ee84345e559512a2abbf7f63eddfdf4e0c1c3fb073b9f3e7870ffc1c3d147553d2b9659097ce945c6f5215069f2fab298e6aff266552d1bfa6eb92ecb5ff2ff007176b5b2ea000000"
      ],
      "rawHeaders": [
        "Cache-Control",
        "no-cache",
        "Pragma",
        "no-cache",
        "Content-Length",
        "305",
        "Content-Type",
        "application/json; charset=utf-8",
        "Content-Encoding",
        "gzip",
        "Expires",
        "-1",
        "Vary",
        "Accept-Encoding",
        "Server",
        "Microsoft-IIS/10.0",
        "X-AspNet-Version",
        "4.0.30319",
        "X-Powered-By",
        "ASP.NET",
        "Set-Cookie",
        "ARRAffinity=5bfcb6977b1483ca163226cd3e571f990eb13447599cbcf2fbe0cf7b459489cc;Path=/;HttpOnly;Domain=worldclockapi.com",
        "Date",
        "Wed, 31 Mar 2021 18:12:37 GMT",
        "Connection",
        "close"
      ],
      "responseIsBinary": false
    },
    {
      "scope": "https://jsonplaceholder.typicode.com:443",
      "method": "GET",
      "path": "/todos/1",
      "body": "",
      "status": 200,
      "response": [
        "1f8b0800000000000003abe65250502a2d4e2df24c51b25230d401713311cc92cc929c54252b05a594d49cd4e492d26285c4d212104ecd55022b48cecf2dc8492d490569494bcc294ee5aa050037dc01b753000000"
      ],
      "rawHeaders": [
        "Date",
        "Wed, 31 Mar 2021 18:12:38 GMT",
        "Content-Type",
        "application/json; charset=utf-8",
        "Transfer-Encoding",
        "chunked",
        "Connection",
        "close",
        "Set-Cookie",
        "__cfduid=d7d8c33cf135ce87bcd97bfe7f74fc2c11617214358; expires=Fri, 30-Apr-21 18:12:38 GMT; path=/; domain=.typicode.com; HttpOnly; SameSite=Lax",
        "X-Powered-By",
        "Express",
        "X-Ratelimit-Limit",
        "1000",
        "X-Ratelimit-Remaining",
        "999",
        "X-Ratelimit-Reset",
        "1616914455",
        "Vary",
        "Origin, Accept-Encoding",
        "Access-Control-Allow-Credentials",
        "true",
        "Cache-Control",
        "max-age=43200",
        "Pragma",
        "no-cache",
        "Expires",
        "-1",
        "X-Content-Type-Options",
        "nosniff",
        "Etag",
        "W/\"53-hfEnumeNh6YirfjyjaujcOPPT+s\"",
        "Via",
        "1.1 vegur",
        "CF-Cache-Status",
        "HIT",
        "Age",
        "548",
        "cf-request-id",
        "092b15db4300000298db893000000001",
        "Expect-CT",
        "max-age=604800, report-uri=\"https://report-uri.cloudflare.com/cdn-cgi/beacon/expect-ct\"",
        "Report-To",
        "{\"max_age\":604800,\"group\":\"cf-nel\",\"endpoints\":[{\"url\":\"https:\\/\\/a.nel.cloudflare.com\\/report?s=q5v4rBVyf4STmdCdxcymhXOUe0mjUXJPwHS%2FhE6bIwyR3HI2i5Mpi05yatKRaHxsMNCFy8OADMzB4NLL1kFlsK5GTdR%2BI4bvPOF%2Bjftpkv8X0UvPffAug9%2B3yiDJ\"}]}",
        "NEL",
        "{\"report_to\":\"cf-nel\",\"max_age\":604800}",
        "Server",
        "cloudflare",
        "CF-RAY",
        "638b8c0b9a780298-SEA",
        "Content-Encoding",
        "gzip",
        "alt-svc",
        "h3-27=\":443\"; ma=86400, h3-28=\":443\"; ma=86400, h3-29=\":443\"; ma=86400"
      ],
      "responseIsBinary": false
    }
  ],
  "implementation Hi here is another 1": [
    {
      "scope": "https://jsonplaceholder.typicode.com:443",
      "method": "GET",
      "path": "/todos/1",
      "body": "",
      "status": 200,
      "response": [
        "1f8b0800000000000003abe65250502a2d4e2df24c51b25230d401713311cc92cc929c54252b05a594d49cd4e492d26285c4d212104ecd55022b48cecf2dc8492d490569494bcc294ee5aa050037dc01b753000000"
      ],
      "rawHeaders": [
        "Date",
        "Wed, 31 Mar 2021 18:12:38 GMT",
        "Content-Type",
        "application/json; charset=utf-8",
        "Transfer-Encoding",
        "chunked",
        "Connection",
        "close",
        "Set-Cookie",
        "__cfduid=d793ac83f82ad5ca954a361851978c9a01617214358; expires=Fri, 30-Apr-21 18:12:38 GMT; path=/; domain=.typicode.com; HttpOnly; SameSite=Lax",
        "X-Powered-By",
        "Express",
        "X-Ratelimit-Limit",
        "1000",
        "X-Ratelimit-Remaining",
        "999",
        "X-Ratelimit-Reset",
        "1616914455",
        "Vary",
        "Origin, Accept-Encoding",
        "Access-Control-Allow-Credentials",
        "true",
        "Cache-Control",
        "max-age=43200",
        "Pragma",
        "no-cache",
        "Expires",
        "-1",
        "X-Content-Type-Options",
        "nosniff",
        "Etag",
        "W/\"53-hfEnumeNh6YirfjyjaujcOPPT+s\"",
        "Via",
        "1.1 vegur",
        "CF-Cache-Status",
        "HIT",
        "Age",
        "548",
        "cf-request-id",
        "092b15dc2100003a135da1f000000001",
        "Expect-CT",
        "max-age=604800, report-uri=\"https://report-uri.cloudflare.com/cdn-cgi/beacon/expect-ct\"",
        "Report-To",
        "{\"endpoints\":[{\"url\":\"https:\\/\\/a.nel.cloudflare.com\\/report?s=ZKqrqjiymti9sFjEZzC2F94xnIWzzl42Mm03bUOSjJgaaUQf1%2FYGzLHq6JB2DSxbfpgxmf3VIFfed87hbQ%2F3y28Fvgl%2Ff2jouaaWMbZ6m2UeXNeu9iXaEFxptNTK\"}],\"max_age\":604800,\"group\":\"cf-nel\"}",
        "NEL",
        "{\"max_age\":604800,\"report_to\":\"cf-nel\"}",
        "Server",
        "cloudflare",
        "CF-RAY",
        "638b8c0d0a8c3a13-SEA",
        "Content-Encoding",
        "gzip",
        "alt-svc",
        "h3-27=\":443\"; ma=86400, h3-28=\":443\"; ma=86400, h3-29=\":443\"; ma=86400"
      ],
      "responseIsBinary": false
    }
  ],
  "implementation AND here is another 1": [
    {
      "scope": "https://jsonplaceholder.typicode.com:443",
      "method": "GET",
      "path": "/todos/1",
      "body": "",
      "status": 200,
      "response": [
        "1f8b0800000000000003abe65250502a2d4e2df24c51b25230d401713311cc92cc929c54252b05a594d49cd4e492d26285c4d212104ecd55022b48cecf2dc8492d490569494bcc294ee5aa050037dc01b753000000"
      ],
      "rawHeaders": [
        "Date",
        "Wed, 31 Mar 2021 18:12:38 GMT",
        "Content-Type",
        "application/json; charset=utf-8",
        "Transfer-Encoding",
        "chunked",
        "Connection",
        "close",
        "Set-Cookie",
        "__cfduid=d8ea7d1959a8140324d0b27c3502805401617214358; expires=Fri, 30-Apr-21 18:12:38 GMT; path=/; domain=.typicode.com; HttpOnly; SameSite=Lax",
        "X-Powered-By",
        "Express",
        "X-Ratelimit-Limit",
        "1000",
        "X-Ratelimit-Remaining",
        "999",
        "X-Ratelimit-Reset",
        "1616914455",
        "Vary",
        "Origin, Accept-Encoding",
        "Access-Control-Allow-Credentials",
        "true",
        "Cache-Control",
        "max-age=43200",
        "Pragma",
        "no-cache",
        "Expires",
        "-1",
        "X-Content-Type-Options",
        "nosniff",
        "Etag",
        "W/\"53-hfEnumeNh6YirfjyjaujcOPPT+s\"",
        "Via",
        "1.1 vegur",
        "CF-Cache-Status",
        "HIT",
        "Age",
        "548",
        "cf-request-id",
        "092b15dccb0000146e9837c000000001",
        "Expect-CT",
        "max-age=604800, report-uri=\"https://report-uri.cloudflare.com/cdn-cgi/beacon/expect-ct\"",
        "Report-To",
        "{\"max_age\":604800,\"endpoints\":[{\"url\":\"https:\\/\\/a.nel.cloudflare.com\\/report?s=M4DJVOSMcFk0dxGsWdI2mgYr7vETcBz2NANt3k1iTjKMFq0IL2xRQy6zCbBFvxfQEKEwn5m%2FJoo0f1tdSmrLH4VsUeS0VHyc1QK%2BMgtWUP4LIYR79RxAfrJmtWvr\"}],\"group\":\"cf-nel\"}",
        "NEL",
        "{\"report_to\":\"cf-nel\",\"max_age\":604800}",
        "Server",
        "cloudflare",
        "CF-RAY",
        "638b8c0e18b6146e-SEA",
        "Content-Encoding",
        "gzip",
        "alt-svc",
        "h3-27=\":443\"; ma=86400, h3-28=\":443\"; ma=86400, h3-29=\":443\"; ma=86400"
      ],
      "responseIsBinary": false
    }
  ],
  "implementation AND YET here is another 1": [
    {
      "scope": "http://worldclockapi.com:80",
      "method": "GET",
      "path": "/api/json/est/now",
      "body": "",
      "status": 200,
      "response": [
        "1f8b0800000000000400edbd07601c499625262f6dca7b7f4af54ad7e074a10880601324d8904010ecc188cde692ec1d69472329ab2a81ca6556655d661640cced9dbcf7de7befbdf7de7befbdf7ba3b9d4e27f7dfff3f5c6664016cf6ce4adac99e2180aac81f3f7e7c1f3f227ef147bf5b31fbe8d147bb1f8d3e9aaeeb3a5fb64fb3367f532c72fa746f676f777be7def6bddd37bbfb8f76f7b677f61fedec50d3753bfdf2fcbcc95b6a241fd2ffe8f3a2799a5d3f2f2ee6edebecb2585e3402a8add7f9e8a35976fde5f99b79fedd3c7f4bef7d379f2df3863ea4f75a6af653d5327f91a1f947a759d3e6f5327ddd66cb5956cf520663317c56948ae1eebdbd4f773f7d70effefd83870ff677761fec8c3eaaea59b1cc4a0c8340f1101e02b726af2f8b69fe2a6f56d5b2a1ef96ebb2fc25ff0ff773096201010000"
      ],
      "rawHeaders": [
        "Cache-Control",
        "no-cache",
        "Pragma",
        "no-cache",
        "Content-Length",
        "317",
        "Content-Type",
        "application/json; charset=utf-8",
        "Content-Encoding",
        "gzip",
        "Expires",
        "-1",
        "Vary",
        "Accept-Encoding",
        "Server",
        "Microsoft-IIS/10.0",
        "X-AspNet-Version",
        "4.0.30319",
        "X-Powered-By",
        "ASP.NET",
        "Set-Cookie",
        "ARRAffinity=5bfcb6977b1483ca163226cd3e571f990eb13447599cbcf2fbe0cf7b459489cc;Path=/;HttpOnly;Domain=worldclockapi.com",
        "Date",
        "Wed, 31 Mar 2021 18:12:38 GMT",
        "Connection",
        "close"
      ],
      "responseIsBinary": false
    }
  ],
  "implementation AND YET here is another 2": [
    {
      "scope": "http://worldclockapi.com:80",
      "method": "GET",
      "path": "/api/json/est/now",
      "body": "",
      "status": 200,
      "response": [
        "1f8b0800000000000400edbd07601c499625262f6dca7b7f4af54ad7e074a10880601324d8904010ecc188cde692ec1d69472329ab2a81ca6556655d661640cced9dbcf7de7befbdf7de7befbdf7ba3b9d4e27f7dfff3f5c6664016cf6ce4adac99e2180aac81f3f7e7c1f3f227ef147bf5b31fbe8d147bb1f8d3e9aaeeb3a5fb64fb3367f532c72fa746f676f777be7def6bddd37bbfb8f76f7b677f61fedec50d3753bfdf2fcbcc95b6a241fd2ffe8f3a2799a5d3f2f2ee6edebecb2585e3402a8add7f9e8a35976fde5f99b79fedd3c7f4bef7d379f2df3863ea4f75a6af653d5327f91a1f947a759d3e6f5327ddd66cb5956cf520663317c56948ae1eebdbd4f773f7d70effefd87f708d77b9f3e187d54d5b3629995180681e2213c046e4d5e5f16d3fc55deacaa6543df2dd765f94bfe1f64a6b69101010000"
      ],
      "rawHeaders": [
        "Cache-Control",
        "no-cache",
        "Pragma",
        "no-cache",
        "Content-Length",
        "316",
        "Content-Type",
        "application/json; charset=utf-8",
        "Content-Encoding",
        "gzip",
        "Expires",
        "-1",
        "Vary",
        "Accept-Encoding",
        "Server",
        "Microsoft-IIS/10.0",
        "X-AspNet-Version",
        "4.0.30319",
        "X-Powered-By",
        "ASP.NET",
        "Set-Cookie",
        "ARRAffinity=5bfcb6977b1483ca163226cd3e571f990eb13447599cbcf2fbe0cf7b459489cc;Path=/;HttpOnly;Domain=worldclockapi.com",
        "Date",
        "Wed, 31 Mar 2021 18:12:38 GMT",
        "Connection",
        "close"
      ],
      "responseIsBinary": false
    }
  ]
}